[tiogafolder.com/Twitchaffiliatebooster.html]
[backblue.gif]
[fade.gif]
[index.html]
[ajax.googleapis.com/ajax/libs/jquery/1.7.2/jquery.min.js]
[external.html]
[netdna.bootstrapcdn.com/bootstrap/3.0.0-rc1/css/bootstrap.min.css]
[tiogafolder.com/bootstrap3/css/bootstrap-glyphicons.css]
[tiogafolder.com/favicon.ico]
[i.ibb.co/3vZ6Myh/twitchboost-removebg-preview.png]
[i.ibb.co/6wSKx36/as-seen-on-logos.png]
[tiogafolder.com/https_.html]
[cdnjs.cloudflare.com/ajax/libs/font-awesome/4.7.0/css/font-awesome.min.css]
[i.ibb.co/VSMxxbs/20220807-221947-0000.png]
[i.ibb.co/5Bk76p5/20220807-222020-0000.png]
[i.ibb.co/y03gVdc/20220807-221741-0000.png]
[i.ibb.co/ypHxWmz/20220807-221910-0000.png]
[i.ibb.co/dgXDVNQ/20220807-221847-0000.png]
[i.ibb.co/M9qFV7Z/20220807-221931-0000.png]
[i.ibb.co/6wXH4Sb/20220807-222005-0000.png]
[i.ibb.co/9qDwB0K/20220807-221802-0000.png]
[i.ibb.co/Bg3pMx4/20220807-221823-0000.png]
[i.ibb.co/QKSnPcS/20220807-222101-0000.png]
[tiogafolder.com/Twitchaffiliatebooster.html]
[netdna.bootstrapcdn.com/bootstrap/3.0.0-rc1/css/bootstrap.min.css]
[i.imgur.com/qqyqtvq.gif]
[tiogafolder.com/bootstrap3/fonts/glyphiconshalflings-regular.eot]
[tiogafolder.com/bootstrap3/fonts/glyphiconshalflings-regulard41d.eot]
[tiogafolder.com/bootstrap3/fonts/glyphiconshalflings-regular.woff]
[tiogafolder.com/bootstrap3/css/bootstrap-glyphicons.css]
[tiogafolder.com/bootstrap3/fonts/glyphiconshalflings-regular.ttf]
[tiogafolder.com/bootstrap3/fonts/glyphiconshalflings-regular.svg]
[tiogafolder.com/https_.html]
[cdnjs.cloudflare.com/ajax/libs/font-awesome/4.7.0/css/font-awesome.min.css]
[tiogafolder.com/bootstrap3/fonts/glyphiconshalflings-regular.svg]
